                                          
Дата        Время     П1  В1  Y1  Y2  Y4    TEN   T1    T2    T3      T4    T5    Mode  Филь  V_In_Summ   Q_Summ        
                                       %     %    °C    °C    °C      °C    °C          тр    м3          Дж            
                                                      
                                          
Дата        Время     П1  В1  Y1  Y2  Y4    TEN   T1    T2    T3      T4    T5    Mode  Филь  V_In_Summ   Q_Summ        
                                       %     %    °C    °C    °C      °C    °C          тр    м3          Дж            
                                                      
                                          
Дата        Время     П1  В1  Y1  Y2  Y4    TEN   T1    T2    T3      T4    T5    Mode  Филь  V_In_Summ   Q_Summ        
                                       %     %    °C    °C    °C      °C    °C          тр    м3          Дж            
                                                      
2026:08:04  17:10:48  0   0   0   0   0     0     22    22    21.98   22    -5    0     0     0           0             
2026:08:04  17:10:51  0   0   0   0   0     97    21    21    21.96   21    -5    3     0     0           0             
2026:08:04  17:10:54  0   0   0   0   0     97    21    21    21.94   21    -5    3     0     0           0             
2026:08:04  17:10:57  0   0   0   0   0     97    21    21    21.92   21    -5    3     0     0           0             
2026:08:04  17:11:00  0   0   0   0   0     97    21    21    21.9    21    -5    3     0     0           0             
2026:08:04  17:11:03  0   0   0   0   0     97    21    21    21.88   21    -5    3     0     0           0             
2026:08:04  17:11:06  0   0   0   0   0     97    21    21    21.86   21    -5    3     0     0           0             
2026:08:04  17:11:09  0   0   0   0   0     97    21    21    21.83   21    -5    3     0     0           0             
2026:08:04  17:11:12  0   0   0   0   0     97    21    21    21.81   21    -5    3     0     0           0             
2026:08:04  17:11:15  0   0   0   0   0     97    21    21    21.79   21    -5    3     0     0           0             
2026:08:04  17:11:18  0   0   0   0   0     97    21    21    21.77   21    -5    3     0     0           0             
2026:08:04  17:11:21  0   0   0   0   0     97    21    21    21.75   21    -5    3     0     0           0             
2026:08:04  17:11:24  0   0   0   0   0     97    21    21    21.73   21    -5    3     0     0           0             
2026:08:04  17:11:27  0   0   0   0   0     97    21    21    21.71   21    -5    3     0     0           0             
2026:08:04  17:11:30  0   0   0   0   0     97    21    21    21.69   21    -5    3     0     0           0             
2026:08:04  17:11:33  0   0   0   0   0     97    21    21    21.67   21    -5    3     0     0           0             
2026:08:04  17:11:36  0   0   0   0   0     97    21    21    21.65   21    -5    3     0     0           0             
2026:08:04  17:11:39  0   0   0   0   0     97    21    21    21.63   21    -5    3     0     0           0             
2026:08:04  17:11:42  0   0   0   0   0     97    21    21    21.61   21    -5    3     0     0           0             
2026:08:04  17:11:45  0   0   0   0   0     97    21    21    21.59   21    -5    3     0     0           0             
2026:08:04  17:11:48  0   0   0   0   0     97    21    21    21.57   21    -5    3     0     0           0             
2026:08:04  17:11:51  0   0   0   0   0     97    21    21    21.55   21    -5    3     0     0           0             
2026:08:04  17:11:54  0   0   0   0   0     97    21    21    21.53   21    -5    3     0     0           0             
2026:08:04  17:11:57  0   0   0   0   0     97    21    21    21.51   21    -5    3     0     0           0             
2026:08:04  17:12:00  0   0   0   0   0     97    21    21    21.49   21    -5    3     0     0           0             
2026:08:04  17:12:03  0   0   0   0   0     97    21    21    21.47   21    -5    3     0     0           0             
2026:08:04  17:12:06  0   0   0   0   0     97    21    21    21.45   21    -5    3     0     0           0             
2026:08:04  17:12:09  0   0   0   0   0     97    21    21    21.43   21    -5    3     0     0           0             
2026:08:04  17:12:12  0   0   0   0   0     97    21    21    21.42   21    -5    3     0     0           0             
2026:08:04  17:12:15  0   0   0   0   0     97    21    21    21.4    21    -5    3     0     0           0             
2026:08:04  17:12:18  0   0   0   0   0     97    21    21    21.38   21    -5    3     0     0           0             
2026:08:04  17:12:21  0   0   0   0   0     97    21    21    21.36   21    -5    3     0     0           0             
2026:08:04  17:12:24  0   0   0   0   0     97    21    21    21.34   21    -5    3     0     0           0             
2026:08:04  17:12:27  0   0   0   0   0     97    21    21    21.32   21    -5    3     0     0           0             
2026:08:04  17:12:30  0   0   0   0   0     97    21    21    21.3    21    -5    3     0     0           0             
2026:08:04  17:12:33  0   0   0   0   0     97    21    21    21.28   21    -5    3     0     0           0             
2026:08:04  17:12:36  0   0   0   0   0     97    21    21    21.26   21    -5    3     0     0           0             
2026:08:04  17:12:39  0   0   0   0   0     97    21    21    21.25   21    -5    3     0     0           0             
2026:08:04  17:12:42  0   0   0   0   0     97    21    21    21.23   21    -5    3     0     0           0             
2026:08:04  17:12:45  0   0   0   0   0     97    21    21    21.21   21    -5    3     0     0           0             
2026:08:04  17:12:48  0   0   0   0   0     97    21    21    21.19   21    -5    3     0     0           0             
2026:08:04  17:12:51  0   0   0   0   0     97    21    21    21.17   21    -5    3     0     0           0             
2026:08:04  17:12:54  0   0   0   0   0     97    21    21    21.15   21    -5    3     0     0           0             
2026:08:04  17:12:57  0   0   0   0   0     97    21    21    21.14   21    -5    3     0     0           0             
2026:08:04  17:13:00  0   0   0   0   0     97    21    21    21.12   21    -5    3     0     0           0             
2026:08:04  17:13:03  0   0   0   0   0     97    21    21    21.1    21    -5    3     0     0           0             
2026:08:04  17:13:06  0   0   0   0   0     97    21    21    21.08   21    -5    3     0     0           0             
2026:08:04  17:13:09  0   0   0   0   0     97    21    21    21.06   21    -5    3     0     0           0             
2026:08:04  17:13:12  0   0   0   0   0     97    21    21    21.05   21    -5    3     0     0           0             
2026:08:04  17:13:15  0   0   0   0   0     97    21    21    21.03   21    -5    3     0     0           0             
2026:08:04  17:13:18  0   0   0   0   0     97    21    21    21.01   21    -5    3     0     0           0             
2026:08:04  17:13:21  0   0   0   0   0     97    21    21    20.99   21    -5    3     0     0           0             
2026:08:04  17:13:24  0   0   0   0   0     97    20    20    20.97   20    -5    3     0     0           0             
2026:08:04  17:13:27  0   0   0   0   0     97    20    20    20.95   20    -5    3     0     0           0             
2026:08:04  17:13:30  0   0   0   0   0     97    20    20    20.93   20    -5    3     0     0           0             
2026:08:04  17:13:33  0   0   0   0   0     97    20    20    20.91   20    -5    3     0     0           0             
2026:08:04  17:13:36  0   0   0   0   0     97    20    20    20.89   20    -5    3     0     0           0             
2026:08:04  17:13:39  0   0   0   0   0     97    20    20    20.87   20    -5    3     0     0           0             
2026:08:04  17:13:42  0   0   0   0   0     97    20    20    20.85   20    -5    3     0     0           0             
2026:08:04  17:13:45  0   0   0   0   0     97    20    20    20.83   20    -5    3     0     0           0             
2026:08:04  17:13:48  0   0   0   0   0     97    20    20    20.81   20    -5    3     0     0           0             
2026:08:04  17:13:51  0   0   0   0   0     97    20    20    20.79   20    -5    3     0     0           0             
2026:08:04  17:13:54  0   0   0   0   0     97    20    20    20.77   20    -5    3     0     0           0             
2026:08:04  17:13:57  0   0   0   0   0     97    20    20    20.75   20    -5    3     0     0           0             
2026:08:04  17:14:00  0   0   0   0   0     97    20    20    20.73   20    -5    3     0     0           0             
2026:08:04  17:14:03  0   0   0   0   0     97    20    20    20.71   20    -5    3     0     0           0             
2026:08:04  17:14:06  0   0   0   0   0     97    20    20    20.69   20    -5    3     0     0           0             
2026:08:04  17:14:09  0   0   0   1   0     97    20    20    20.67   20    -5    3     0     0           0             
2026:08:04  17:14:12  0   0   0   1   0     97    20    20    20.65   20    -5    3     0     0           0             
2026:08:04  17:14:15  0   0   0   1   0     97    20    20    20.63   20    -5    3     0     0           0             
2026:08:04  17:14:18  0   0   0   1   0     97    20    20    20.61   20    -5    3     0     0           0             
2026:08:04  17:14:21  0   0   0   1   0     97    20    20    20.59   20    -5    3     0     0           0             
2026:08:04  17:14:24  0   0   0   1   0     97    20    20    20.58   20    -5    3     0     0           0             
2026:08:04  17:14:27  0   0   0   1   0     97    20    20    20.56   20    -5    3     0     0           0             
2026:08:04  17:14:30  1   0   0   1   0     97    20    20    20.54   20    -5    3     0     0           0.0           
2026:08:04  17:14:33  0   0   0   1   0     97    20    20    20.52   20    -5    3     0     0           0.0           
2026:08:04  17:14:36  0   0   0   1   0     97    20    20    20.5    20    -5    3     0     0           0.0           
2026:08:04  17:14:39  0   0   0   0   0     97    20    20    20.48   20    -5    3     0     0           0.0           
2026:08:04  17:14:42  0   0   0   0   0     97    20    20    20.46   20    -5    3     0     0           0.0           
2026:08:04  17:14:45  0   0   0   0   0     97    20    20    20.44   20    -5    3     0     0           0.0           
2026:08:04  17:14:48  0   0   0   0   0     97    20    20    20.42   20    -5    3     0     0           0.0           
2026:08:04  17:14:51  0   0   0   0   0     97    20    20    20.41   20    -5    3     0     0           0.0           
2026:08:04  17:14:54  0   0   0   1   0     97    20    20    20.39   20    -5    3     0     0           0.0           
2026:08:04  17:14:57  0   0   0   1   0     97    20    20    20.37   20    -5    3     0     0           0.0           
2026:08:04  17:15:00  0   0   0   1   0     97    20    20    20.35   20    -5    3     0     0           0.0           
2026:08:04  17:15:03  0   0   0   1   0     97    20    20    20.33   20    -5    3     0     0           0.0           
2026:08:04  17:15:06  0   0   0   1   0     97    20    20    20.32   20    -5    3     0     0           0.0           
2026:08:04  17:15:09  0   0   0   1   0     97    20    20    20.3    20    -5    3     0     0           0.0           
2026:08:04  17:15:12  0   0   0   1   0     97    20    20    20.28   20    -5    3     0     0           0.0           
2026:08:04  17:15:15  0   0   0   1   0     97    20    20    20.26   20    -5    3     0     0           0.0           
2026:08:04  17:15:18  0   0   0   1   0     97    20    20    20.24   20    -5    3     0     0           0.0           
2026:08:04  17:15:21  1   0   0   1   0     97    20    20    20.23   20    -5    3     0     0           0.0           
2026:08:04  17:15:24  1   1   0   1   0     97    20    20    20.21   20    -5    3     0     0           0.0           
2026:08:04  17:15:27  1   1   0   1   0     97    20    20    20.19   20    -5    3     0     0           0.0           
2026:08:04  17:15:30  1   1   0   1   0     97    20    20    20.17   20    -5    3     0     0           0.0           
2026:08:04  17:15:33  1   1   0   1   0     97    20    20    20.15   20    -5    3     0     0           0.0           
2026:08:04  17:15:36  1   1   0   1   0     97    20    20    20.14   20    -5    3     0     0           0.0           
2026:08:04  17:15:39  1   1   0   1   0     97    20    20    20.12   20    -5    3     0     0           0.0           
2026:08:04  17:15:42  1   1   0   1   0     97    20    20    20.1    20    -5    3     0     0           0.0           
2026:08:04  17:15:45  0   0   0   0   0     97    20    20    20.09   20    -5    3     0     0           0.0           
2026:08:04  17:15:48  0   0   0   0   0     97    20    20    20.07   20    -5    3     0     0           0.0           
                                          
Дата        Время     П1  В1  Y1  Y2  Y4    TEN   T1    T2    T3      T4    T5    Mode  Филь  V_In_Summ   Q_Summ        
                                       %     %    °C    °C    °C      °C    °C          тр    м3          Дж            
                                                      
2026:08:04  17:19:53  0   0   0   0   0     0     22    22    21.98   22    -5    0     0     0           0             
2026:08:04  17:19:56  0   0   0   0   0     97    21    21    21.96   21    -5    3     0     0           0             
2026:08:04  17:19:59  0   0   0   0   0     97    21    21    21.94   21    -5    3     0     0           0             
2026:08:04  17:20:02  0   0   0   0   0     97    21    21    21.92   21    -5    3     0     0           0             
2026:08:04  17:20:05  0   0   0   0   0     97    21    21    21.9    21    -5    3     0     0           0             
2026:08:04  17:20:08  0   0   0   0   0     97    21    21    21.88   21    -5    3     0     0           0             
2026:08:04  17:20:11  0   0   0   0   0     97    21    21    21.86   21    -5    3     0     0           0             
2026:08:04  17:20:14  0   0   0   0   0     97    21    21    21.83   21    -5    3     0     0           0             
2026:08:04  17:20:17  0   0   0   0   0     97    21    21    21.81   21    -5    3     0     0           0             
2026:08:04  17:20:20  0   0   0   0   0     97    21    21    21.79   21    -5    3     0     0           0             
2026:08:04  17:20:23  0   0   0   0   0     97    21    21    21.77   21    -5    3     0     0           0             
2026:08:04  17:20:26  0   0   0   0   0     97    21    21    21.75   21    -5    3     0     0           0             
2026:08:04  17:20:29  0   0   0   0   0     97    21    21    21.73   21    -5    3     0     0           0             
2026:08:04  17:20:32  0   0   0   0   0     97    21    21    21.71   21    -5    3     0     0           0             
2026:08:04  17:20:35  0   0   0   0   0     97    21    21    21.69   21    -5    3     0     0           0             
2026:08:04  17:20:38  0   0   0   1   0     97    21    21    21.67   21    -5    3     0     0           0             
2026:08:04  17:20:41  0   0   0   1   0     97    21    21    21.65   21    -5    3     0     0           0             
2026:08:04  17:20:44  0   0   0   1   0     97    21    21    21.63   21    -5    3     0     0           0             
2026:08:04  17:20:47  0   0   0   1   0     97    21    21    21.61   21    -5    3     0     0           0             
2026:08:04  17:20:50  0   0   0   1   0     97    21    21    21.59   21    -5    3     0     0           0             
2026:08:04  17:20:53  0   0   0   1   0     97    21    21    21.57   21    -5    3     0     0           0             
2026:08:04  17:20:56  0   0   0   1   0     97    21    21    21.55   21    -5    3     0     0           0             
2026:08:04  17:20:59  0   0   0   1   0     97    21    21    21.53   21    -5    3     0     0           0             
2026:08:04  17:21:02  1   0   0   1   0     97    21    21    21.51   21    -5    3     0     0           0.0           
2026:08:04  17:21:05  1   0   0   1   0     97    21    21    21.49   21    -5    3     0     0           0.0           
2026:08:04  17:21:08  1   1   0   1   0     97    21    21    21.47   21    -5    3     0     0           0.0           
2026:08:04  17:21:11  1   1   0   1   0     97    21    21    21.45   21    -5    3     0     0           0.0           
2026:08:04  17:21:14  1   1   0   1   0     97    21    21    21.43   21    -5    3     0     0           0.0           
2026:08:04  17:21:17  1   1   0   1   0     97    21    21    21.42   21    -5    3     0     0           0.0           
2026:08:04  17:21:20  1   1   0   1   0     97    21    21    21.4    21    -5    3     0     0           0.0           
2026:08:04  17:21:23  1   1   0   1   0     97    21    21    21.38   21    -5    3     0     0           0.0           
2026:08:04  17:21:26  1   1   0   1   0     97    21    21    21.36   21    -5    3     0     0           0.0           
2026:08:04  17:21:29  1   1   0   1   0     97    21    21    21.34   21    -5    3     0     0           0.0           
2026:08:04  17:21:32  1   1   0   1   0     97    21    21    21.32   21    -5    3     0     0           0.0           
2026:08:04  17:21:35  1   1   0   1   0     97    21    21    21.3    21    -5    3     0     0           0.0           
2026:08:04  17:21:38  1   1   0   1   0     97    21    21    21.28   21    -5    3     0     0           0.0           
2026:08:04  17:21:41  1   1   0   1   0     97    21    21    21.26   21    -5    3     0     0           0.0           
2026:08:04  17:21:44  1   1   0   1   0     97    21    21    21.25   21    -5    3     0     0           0.0           
2026:08:04  17:21:47  1   1   0   1   0     97    21    21    21.23   21    -5    3     0     0           0.0           
2026:08:04  17:21:50  1   1   0   1   0     97    21    21    21.21   21    -5    3     0     0           0.0           
2026:08:04  17:21:53  1   1   0   1   0     97    21    21    21.19   21    -5    3     0     0           0.0           
2026:08:04  17:21:56  1   1   0   1   0     97    21    21    21.17   21    -5    3     0     0           0.0           
2026:08:04  17:21:59  0   0   0   0   0     97    21    21    21.15   21    -5    3     0     0           0.0           
2026:08:04  17:22:02  0   0   0   0   0     97    21    21    21.14   21    -5    3     0     0           0.0           
2026:08:04  17:22:05  0   0   0   0   0     97    21    21    21.12   21    -5    3     0     0           0.0           
2026:08:04  17:22:08  0   0   0   0   0     97    21    21    21.1    21    -5    3     0     0           0.0           
2026:08:04  17:22:11  0   0   0   0   0     97    21    21    21.08   21    -5    3     0     0           0.0           
2026:08:04  17:22:14  0   0   0   0   0     97    21    21    21.06   21    -5    3     0     0           0.0           
2026:08:04  17:22:17  0   0   0   0   0     97    21    21    21.05   21    -5    3     0     0           0.0           
2026:08:04  17:22:20  0   0   0   0   0     97    21    21    21.03   21    -5    3     0     0           0.0           
2026:08:04  17:22:23  0   0   0   0   0     97    21    21    21.01   21    -5    3     0     0           0.0           
2026:08:04  17:22:26  0   0   0   0   0     97    21    21    20.99   21    -5    3     0     0           0.0           
2026:08:04  17:22:29  0   0   0   0   0     97    20    20    20.97   20    -5    3     0     0           0.0           
2026:08:04  17:22:32  0   0   0   0   0     97    20    20    20.95   20    -5    3     0     0           0.0           
2026:08:04  17:22:35  0   0   0   0   0     97    20    20    20.93   20    -5    3     0     0           0.0           
2026:08:04  17:22:38  0   0   0   0   0     97    20    20    20.91   20    -5    3     0     0           0.0           
2026:08:04  17:22:41  0   0   0   0   0     97    20    20    20.89   20    -5    3     0     0           0.0           
2026:08:04  17:22:44  0   0   0   0   0     97    20    20    20.87   20    -5    3     0     0           0.0           
2026:08:04  17:22:47  0   0   0   0   0     97    20    20    20.85   20    -5    3     0     0           0.0           
2026:08:04  17:22:50  0   0   0   0   0     97    20    20    20.83   20    -5    3     0     0           0.0           
                                          
Дата        Время     П1  В1  Y1  Y2  Y4    TEN   T1    T2    T3      T4    T5    Mode  Филь  V_In_Summ   Q_Summ        
                                       %     %    °C    °C    °C      °C    °C          тр    м3          Дж            
                                                      
2026:08:04  17:25:01  0   0   0   0   0     0     22    22    21.98   22    -5    0     0     0           0             
2026:08:04  17:25:04  0   0   0   0   0     97    21    21    21.96   21    -5    3     0     0           0             
2026:08:04  17:25:07  0   0   0   0   0     97    21    21    21.94   21    -5    3     0     0           0             
2026:08:04  17:25:10  0   0   0   0   0     97    21    21    21.92   21    -5    3     0     0           0             
2026:08:04  17:25:13  0   0   0   1   0     97    21    21    21.9    21    -5    3     0     0           0             
2026:08:04  17:25:16  0   0   0   1   0     97    21    21    21.88   21    -5    3     0     0           0             
2026:08:04  17:25:19  0   0   0   1   0     97    21    21    21.86   21    -5    3     0     0           0             
2026:08:04  17:25:22  0   0   0   1   0     97    21    21    21.83   21    -5    3     0     0           0             
2026:08:04  17:25:25  0   0   0   1   0     97    21    21    21.81   21    -5    3     0     0           0             
2026:08:04  17:25:28  0   0   0   1   0     97    21    21    21.79   21    -5    3     0     0           0             
2026:08:04  17:25:31  0   0   0   1   0     97    21    21    21.77   21    -5    3     0     0           0             
2026:08:04  17:25:34  1   0   0   1   0     97    21    21    21.75   21    -5    3     0     0           0.0           
2026:08:04  17:25:37  1   0   0   1   0     97    21    21    21.73   21    -5    3     0     0           0.0           
2026:08:04  17:25:40  1   1   0   1   0     97    21    21    21.71   21    -5    3     0     0           0.0           
2026:08:04  17:25:43  1   1   0   1   0     97    21    21    21.69   21    -5    3     0     0           0.0           
2026:08:04  17:25:46  1   1   0   1   0     97    21    21    21.67   21    -5    3     0     0           0.0           
2026:08:04  17:25:49  1   1   0   1   0     97    21    21    21.65   21    -5    3     0     0           0.0           
2026:08:04  17:25:52  1   1   0   1   0     97    21    21    21.63   21    -5    3     0     0           0.0           
2026:08:04  17:25:55  1   1   0   1   0     97    21    21    21.61   21    -5    3     0     0           0.0           
2026:08:04  17:25:58  1   1   0   1   0     97    21    21    21.59   21    -5    3     0     0           0.0           
2026:08:04  17:26:01  1   1   0   1   0     97    21    21    21.57   21    -5    3     0     0           0.0           
2026:08:04  17:26:04  1   1   0   1   0     97    21    21    21.55   21    -5    3     0     0           0.0           
2026:08:04  17:26:07  1   1   0   1   0     97    21    21    21.53   21    -5    3     0     0           0.0           
2026:08:04  17:26:45  1   1   0   1   0     97    21    21    21.51   21    -5    3     0     0           0.0           
2026:08:04  17:26:45  1   1   0   1   0     97    21    21    21.49   21    -5    3     0     0           0.0           
2026:08:04  17:26:48  1   1   0   1   0     97    21    21    21.47   21    -5    3     0     0           0.0           
2026:08:04  17:26:51  0   0   0   1   0     97    21    21    21.45   21    -5    3     0     0           0.0           
2026:08:04  17:26:54  0   0   0   1   0     97    21    21    21.43   21    -5    3     0     0           0.0           
2026:08:04  17:26:57  0   0   0   1   0     97    21    21    21.42   21    -5    3     0     0           0.0           
2026:08:04  17:27:00  0   0   0   1   0     97    21    21    21.4    21    -5    3     0     0           0.0           
2026:08:04  17:27:03  0   0   0   1   0     97    21    21    21.38   21    -5    3     0     0           0.0           
2026:08:04  17:27:06  0   0   0   1   0     97    21    21    21.36   21    -5    3     0     0           0.0           
2026:08:04  17:27:09  1   0   0   1   0     97    21    21    21.34   21    -5    3     0     0           0.0           
2026:08:04  17:27:12  1   0   0   1   0     97    21    21    21.32   21    -5    3     0     0           0.0           
2026:08:04  17:27:15  1   0   0   1   0     97    21    21    21.3    21    -5    3     0     0           0.0           
2026:08:04  17:27:18  1   0   0   1   0     97    21    21    21.28   21    -5    3     0     0           0.0           
2026:08:04  17:27:21  1   1   0   1   0     97    21    21    21.26   21    -5    3     0     0           0.0           
2026:08:04  17:27:24  1   1   0   1   0     97    21    21    21.25   21    -5    3     0     0           0.0           
2026:08:04  17:27:27  1   1   0   1   0     97    21    21    21.23   21    -5    3     0     0           0.0           
2026:08:04  17:27:30  1   1   0   1   0     97    21    21    21.21   21    -5    3     0     0           0.0           
2026:08:04  17:27:33  1   1   0   1   0     97    21    21    21.19   21    -5    3     0     0           0.0           
2026:08:04  17:27:36  1   1   0   1   0     97    21    21    21.17   21    -5    3     0     0           0.0           
2026:08:04  17:27:39  1   1   0   1   0     97    21    21    21.15   21    -5    3     0     0           0.0           
2026:08:04  17:27:42  1   1   0   1   0     97    21    21    21.14   21    -5    3     0     0           0.0           
2026:08:04  17:27:45  1   1   0   1   0     97    21    21    21.12   21    -5    3     0     0           0.0           
2026:08:04  17:27:48  1   1   0   1   0     97    21    21    21.1    21    -5    3     0     0           0.0           
2026:08:04  17:27:51  1   1   0   1   0     97    21    21    21.08   21    -5    3     0     0           0.0           
2026:08:04  17:27:54  1   1   0   1   0     97    21    21    21.06   21    -5    3     0     0           0.0           
2026:08:04  17:27:57  1   1   0   1   0     97    21    21    21.05   21    -5    3     0     0           0.0           
2026:08:04  17:28:00  1   1   0   1   0     97    21    21    21.03   21    -5    3     0     0           0.0           
2026:08:04  17:28:03  1   1   0   1   0     97    21    21    21.01   21    -5    3     0     0           0.0           
2026:08:04  17:28:06  1   1   0   1   0     97    21    21    20.99   21    -5    3     0     0           0.0           
2026:08:04  17:28:09  1   1   0   1   0     97    20    20    20.97   20    -5    3     0     0           0.0           
2026:08:04  17:28:12  1   1   0   1   0     97    20    20    20.95   20    -5    3     0     0           0.0           
2026:08:04  17:28:15  1   1   0   1   0     97    20    20    20.93   20    -5    3     0     0           0.0           
2026:08:04  17:28:18  1   1   0   1   0     97    20    20    20.91   20    -5    3     0     0           0.0           
2026:08:04  17:28:21  1   1   0   1   0     97    20    20    20.89   20    -5    3     0     0           0.0           
2026:08:04  17:28:24  1   1   0   1   0     97    20    20    20.87   20    -5    3     0     0           0.0           
2026:08:04  17:28:27  1   1   0   1   0     97    20    20    20.85   20    -5    3     0     0           0.0           
2026:08:04  17:28:30  1   1   0   1   0     97    20    20    20.83   20    -5    3     0     0           0.0           
2026:08:04  17:28:33  1   1   0   1   0     97    20    20    20.81   20    -5    3     0     0           0.0           
2026:08:04  17:28:36  1   1   0   1   0     97    20    20    20.79   20    -5    3     0     0           0.0           
2026:08:04  17:28:39  1   1   0   1   0     97    20    20    20.77   20    -5    3     0     0           0.0           
2026:08:04  17:28:42  1   1   0   1   0     97    20    20    20.75   20    -5    3     0     0           0.0           
2026:08:04  17:28:45  1   1   0   1   0     97    20    20    20.73   20    -5    3     0     0           0.0           
2026:08:04  17:28:48  1   1   0   1   0     97    20    20    20.71   20    -5    3     0     0           0.0           
2026:08:04  17:28:51  1   1   0   1   0     97    20    20    20.69   20    -5    3     0     0           0.0           
2026:08:04  17:28:54  1   1   0   1   0     97    20    20    20.67   20    -5    3     0     0           0.0           
2026:08:04  17:28:57  1   1   0   1   0     97    20    20    20.65   20    -5    3     0     0           0.0           
2026:08:04  17:29:00  1   1   0   1   0     97    20    20    20.63   20    -5    3     0     0           0.0           
2026:08:04  17:29:03  1   1   0   1   0     97    20    20    20.61   20    -5    3     0     0           0.0           
2026:08:04  17:29:06  1   1   0   1   0     97    20    20    20.59   20    -5    3     0     0           0.0           
2026:08:04  17:29:09  1   1   0   1   0     97    20    20    20.58   20    -5    3     0     0           0.0           
2026:08:04  17:29:12  1   1   0   1   0     97    20    20    20.56   20    -5    3     0     0           0.0           
2026:08:04  17:29:15  1   1   0   1   0     97    20    20    20.54   20    -5    3     0     0           0.0           
2026:08:04  17:29:18  1   1   0   1   0     97    20    20    20.52   20    -5    3     0     0           0.0           
2026:08:04  17:29:21  1   1   0   1   0     97    20    20    20.5    20    -5    3     0     0           0.0           
2026:08:04  17:29:24  1   1   0   1   0     97    20    20    20.48   20    -5    3     0     0           0.0           
2026:08:04  17:29:27  1   1   0   1   0     97    20    20    20.46   20    -5    3     0     0           0.0           
2026:08:04  17:29:30  1   1   0   1   0     97    20    20    20.44   20    -5    3     0     0           0.0           
2026:08:04  17:29:33  1   1   0   1   0     97    20    20    20.42   20    -5    3     0     0           0.0           
2026:08:04  17:29:36  1   1   0   1   0     97    20    20    20.41   20    -5    3     0     0           0.0           
2026:08:04  17:29:39  1   1   0   1   0     97    20    20    20.39   20    -5    3     0     0           0.0           
2026:08:04  17:29:42  1   1   0   1   0     97    20    20    20.37   20    -5    3     0     0           0.0           
2026:08:04  17:29:45  1   1   0   1   0     97    20    20    20.35   20    -5    3     0     0           0.0           
2026:08:04  17:29:48  1   1   0   1   0     97    20    20    20.33   20    -5    3     0     0           0.0           
2026:08:04  17:29:51  1   1   0   1   0     97    20    20    20.32   20    -5    3     0     0           0.0           
2026:08:04  17:29:54  1   1   0   1   0     97    20    20    20.3    20    -5    3     0     0           0.0           
2026:08:04  17:29:57  1   1   0   1   0     97    20    20    20.28   20    -5    3     0     0           0.0           
2026:08:04  17:30:00  1   1   0   1   0     97    20    20    20.26   20    -5    3     0     0           0.0           
2026:08:04  17:30:03  1   1   0   1   0     97    20    20    20.24   20    -5    3     0     0           0.0           
2026:08:04  17:30:06  1   1   0   1   0     97    20    20    20.23   20    -5    3     0     0           0.0           
2026:08:04  17:30:09  1   1   0   1   0     97    20    20    20.21   20    -5    3     0     0           0.0           
2026:08:04  17:30:12  1   1   0   1   0     97    20    20    20.19   20    -5    3     0     0           0.0           
2026:08:04  17:30:15  1   1   0   1   0     97    20    20    20.17   20    -5    3     0     0           0.0           
2026:08:04  17:30:18  1   1   0   1   0     97    20    20    20.15   20    -5    3     0     0           0.0           
2026:08:04  17:30:21  1   1   0   1   0     97    20    20    20.14   20    -5    3     0     0           0.0           
2026:08:04  17:30:24  1   1   0   1   0     97    20    20    20.12   20    -5    3     0     0           0.0           
2026:08:04  17:30:27  1   1   0   1   0     97    20    20    20.1    20    -5    3     0     0           0.0           
2026:08:04  17:30:30  1   1   0   1   0     97    20    20    20.09   20    -5    3     0     0           0.0           
2026:08:04  17:30:33  1   1   0   1   0     97    20    20    20.07   20    -5    3     0     0           0.0           
2026:08:04  17:30:36  1   1   0   1   0     97    20    20    20.05   20    -5    3     0     0           0.0           
2026:08:04  17:30:39  1   1   0   1   0     97    20    20    20.03   20    -5    3     0     0           0.0           
2026:08:04  17:30:42  1   1   0   1   0     97    20    20    20.02   20    -5    3     0     0           0.0           
2026:08:04  17:30:45  1   1   0   1   0     97    20    20    20.0    20    -5    3     0     0           0.0           
2026:08:04  17:30:48  1   1   0   1   0     97    19    19    19.98   19    -5    3     0     0           0.0           
2026:08:04  17:30:51  1   1   0   1   0     97    19    19    19.96   19    -5    3     0     0           0.0           
2026:08:04  17:30:54  1   1   0   1   0     97    19    19    19.94   19    -5    3     0     0           0.0           
2026:08:04  17:30:57  1   1   0   1   0     97    19    19    19.92   19    -5    3     0     0           0.0           
2026:08:04  17:31:00  1   1   0   1   0     97    19    19    19.9    19    -5    3     0     0           0.0           
2026:08:04  17:31:03  1   1   0   1   0     97    19    19    19.88   19    -5    3     0     0           0.0           
2026:08:04  17:31:06  1   1   0   1   0     97    19    19    19.86   19    -5    3     0     0           0.0           
2026:08:04  17:31:09  1   1   0   1   0     97    19    19    19.84   19    -5    3     0     0           0.0           
2026:08:04  17:31:12  1   1   0   1   0     97    19    19    19.82   19    -5    3     0     0           0.0           
2026:08:04  17:31:15  1   1   0   1   0     97    19    19    19.8    19    -5    3     0     0           0.0           
2026:08:04  17:31:18  1   1   0   1   0     97    19    19    19.78   19    -5    3     0     0           0.0           
2026:08:04  17:31:21  1   1   0   1   0     97    19    19    19.76   19    -5    3     0     0           0.0           
2026:08:04  17:31:24  1   1   0   1   0     97    19    19    19.75   19    -5    3     0     0           0.0           
2026:08:04  17:31:27  1   1   0   1   0     97    19    19    19.73   19    -5    3     0     0           0.0           
2026:08:04  17:31:30  1   1   0   1   0     97    19    19    19.71   19    -5    3     0     0           0.0           
2026:08:04  17:31:33  1   1   0   1   0     97    19    19    19.69   19    -5    3     0     0           0.0           
2026:08:04  17:31:36  1   1   0   1   0     97    19    19    19.67   19    -5    3     0     0           0.0           
2026:08:04  17:31:39  1   1   0   1   0     97    19    19    19.65   19    -5    3     0     0           0.0           
2026:08:04  17:31:42  1   1   0   1   0     97    19    19    19.63   19    -5    3     0     0           0.0           
2026:08:04  17:31:45  1   1   0   1   0     97    19    19    19.61   19    -5    3     0     0           0.0           
2026:08:04  17:31:48  1   1   0   1   0     97    19    19    19.6    19    -5    3     0     0           0.0           
2026:08:04  17:31:51  1   1   0   1   0     97    19    19    19.58   19    -5    3     0     0           0.0           
2026:08:04  17:31:54  1   1   0   1   0     97    19    19    19.56   19    -5    3     0     0           0.0           
2026:08:04  17:31:57  1   1   0   1   0     97    19    19    19.54   19    -5    3     0     0           0.0           
2026:08:04  17:32:00  1   1   0   1   0     97    19    19    19.52   19    -5    3     0     0           0.0           
2026:08:04  17:32:03  1   1   0   1   0     97    19    19    19.5    19    -5    3     0     0           0.0           
2026:08:04  17:32:06  1   1   0   1   0     97    19    19    19.49   19    -5    3     0     0           0.0           
2026:08:04  17:32:09  1   1   0   1   0     97    19    19    19.47   19    -5    3     0     0           0.0           
2026:08:04  17:32:12  1   1   0   1   0     97    19    19    19.45   19    -5    3     0     0           0.0           
2026:08:04  17:32:15  1   1   0   1   0     97    19    19    19.43   19    -5    3     0     0           0.0           
2026:08:04  17:32:18  1   1   0   1   0     97    19    19    19.41   19    -5    3     0     0           0.0           
2026:08:04  17:32:21  1   1   0   1   4369  4369  19    19    19.4    19    -5    3     0     0           0.0           
2026:08:04  17:32:24  1   1   0   1   0     97    19    19    19.38   19    -5    3     0     0           0.0           
2026:08:04  17:32:27  1   1   0   1   0     97    19    19    19.36   19    -5    3     0     0           0.0           
2026:08:04  17:32:30  1   1   0   1   0     97    19    19    19.34   19    -5    3     0     0           0.0           
2026:08:04  17:32:33  1   1   0   1   0     97    19    19    19.33   19    -5    3     0     0           0.0           
2026:08:04  17:32:36  1   1   0   1   0     97    19    19    19.31   19    -5    3     0     0           0.0           
2026:08:04  17:32:39  1   1   0   1   0     97    19    19    19.29   19    -5    3     0     0           0.0           
2026:08:04  17:32:42  1   1   0   1   0     97    19    19    19.27   19    -5    3     0     0           0.0           
2026:08:04  17:32:45  1   1   0   1   0     97    19    19    19.26   19    -5    3     0     0           0.0           
2026:08:04  17:32:48  1   1   0   1   0     97    19    19    19.24   19    -5    3     0     0           0.0           
2026:08:04  17:32:51  1   1   0   1   0     97    19    19    19.22   19    -5    3     0     0           0.0           
2026:08:04  17:32:54  1   1   0   1   0     97    19    19    19.2    19    -5    3     0     0           0.0           
2026:08:04  17:32:57  1   1   0   1   0     97    19    19    19.19   19    -5    3     0     0           0.0           
2026:08:04  17:33:00  1   1   0   1   0     97    19    19    19.17   19    -5    3     0     0           0.0           
2026:08:04  17:33:03  1   1   0   1   0     97    19    19    19.15   19    -5    3     0     0           0.0           
2026:08:04  17:33:06  1   1   0   1   0     97    19    19    19.14   19    -5    3     0     0           0.0           
2026:08:04  17:33:09  1   1   0   1   0     97    19    19    19.12   19    -5    3     0     0           0.0           
2026:08:04  17:33:12  1   1   0   1   0     97    19    19    19.1    19    -5    3     0     0           0.0           
2026:08:04  17:33:15  1   1   0   1   0     97    19    19    19.09   19    -5    3     0     0           0.0           
2026:08:04  17:33:18  1   1   0   1   0     97    19    19    19.07   19    -5    3     0     0           0.0           
2026:08:04  17:33:21  1   1   0   1   0     97    19    19    19.05   19    -5    3     0     0           0.0           
2026:08:04  17:33:24  1   1   0   1   0     97    19    19    19.04   19    -5    3     0     0           0.0           
2026:08:04  17:33:27  1   1   0   1   0     97    19    19    19.02   19    -5    3     0     0           0.0           
2026:08:04  17:33:30  1   1   0   1   0     97    19    19    19.01   19    -5    3     0     0           0.0           
2026:08:04  17:33:33  1   1   0   1   0     97    19    19    18.99   19    -5    3     0     0           0.0           
2026:08:04  17:33:36  1   1   0   1   0     97    18    18    18.97   18    -5    3     0     0           0.0           
2026:08:04  17:33:39  1   1   0   1   0     97    18    18    18.95   18    -5    3     0     0           0.0           
2026:08:04  17:33:42  1   1   0   1   0     97    18    18    18.93   18    -5    3     0     0           0.0           
2026:08:04  17:33:45  1   1   0   1   0     97    18    18    18.91   18    -5    3     0     0           0.0           
2026:08:04  17:33:48  1   1   0   1   0     97    18    18    18.89   18    -5    3     0     0           0.0           
2026:08:04  17:33:51  1   1   0   1   0     97    18    18    18.87   18    -5    3     0     0           0.0           
2026:08:04  17:33:54  1   1   0   1   0     97    18    18    18.86   18    -5    3     0     0           0.0           
2026:08:04  17:33:58  1   1   0   1   0     97    18    18    18.84   18    -5    3     0     0           0.0           
2026:08:04  17:34:01  1   1   0   1   0     97    18    18    18.82   18    -5    3     0     0           0.0           
2026:08:04  17:34:04  1   1   0   1   0     97    18    18    18.8    18    -5    3     0     0           0.0           
2026:08:04  17:34:07  1   1   0   1   0     97    18    18    18.78   18    -5    3     0     0           0.0           
2026:08:04  17:34:10  1   1   0   1   0     97    18    18    18.76   18    -5    3     0     0           0.0           
2026:08:04  17:34:13  1   1   0   1   0     97    18    18    18.74   18    -5    3     0     0           0.0           
2026:08:04  17:34:16  1   1   0   1   0     97    18    18    18.73   18    -5    3     0     0           0.0           
2026:08:04  17:34:19  1   1   0   1   0     97    18    18    18.71   18    -5    3     0     0           0.0           
2026:08:04  17:34:22  1   1   0   1   0     97    18    18    18.69   18    -5    3     0     0           0.0           
2026:08:04  17:34:25  1   1   0   1   0     97    18    18    18.67   18    -5    3     0     0           0.0           
2026:08:04  17:34:28  1   1   0   1   0     97    18    18    18.65   18    -5    3     0     0           0.0           
2026:08:04  17:34:31  1   1   0   1   0     97    18    18    18.63   18    -5    3     0     0           0.0           
2026:08:04  17:34:34  1   1   0   1   0     97    18    18    18.62   18    -5    3     0     0           0.0           
2026:08:04  17:34:37  1   1   0   1   0     97    18    18    18.6    18    -5    3     0     0           0.0           
2026:08:04  17:34:40  1   1   0   1   0     97    18    18    18.58   18    -5    3     0     0           0.0           
2026:08:04  17:34:43  1   1   0   1   0     97    18    18    18.56   18    -5    3     0     0           0.0           
2026:08:04  17:34:46  1   1   0   1   0     97    18    18    18.55   18    -5    3     0     0           0.0           
2026:08:04  17:34:49  1   1   0   1   0     97    18    18    18.53   18    -5    3     0     0           0.0           
2026:08:04  17:34:52  1   1   0   1   0     97    18    18    18.51   18    -5    3     0     0           0.0           
2026:08:04  17:34:55  1   1   0   1   0     97    18    18    18.49   18    -5    3     0     0           0.0           
2026:08:04  17:34:58  1   1   0   1   0     97    18    18    18.48   18    -5    3     0     0           0.0           
2026:08:04  17:35:01  1   1   0   1   0     97    18    18    18.46   18    -5    3     0     0           0.0           
2026:08:04  17:35:04  1   1   0   1   0     97    18    18    18.44   18    -5    3     0     0           0.0           
2026:08:04  17:35:07  1   1   0   1   0     97    18    18    18.42   18    -5    3     0     0           0.0           
2026:08:04  17:35:10  1   1   0   1   0     97    18    18    18.41   18    -5    3     0     0           0.0           
2026:08:04  17:35:13  1   1   0   1   0     97    18    18    18.39   18    -5    3     0     0           0.0           
2026:08:04  17:35:16  1   1   0   1   0     97    18    18    18.37   18    -5    3     0     0           0.0           
2026:08:04  17:35:19  1   1   0   1   0     97    18    18    18.36   18    -5    3     0     0           0.0           
2026:08:04  17:35:22  1   1   0   1   0     97    18    18    18.34   18    -5    3     0     0           0.0           
2026:08:04  17:35:25  1   1   0   1   0     97    18    18    18.32   18    -5    3     0     0           0.0           
2026:08:04  17:35:28  1   1   0   1   0     97    18    18    18.31   18    -5    3     0     0           0.0           
2026:08:04  17:35:31  1   1   0   1   0     97    18    18    18.29   18    -5    3     0     0           0.0           
2026:08:04  17:35:34  1   1   0   1   0     97    18    18    18.27   18    -5    3     0     0           0.0           
2026:08:04  17:35:37  1   1   0   1   0     97    18    18    18.26   18    -5    3     0     0           0.0           
2026:08:04  17:35:40  1   1   0   1   0     97    18    18    18.24   18    -5    3     0     0           0.0           
2026:08:04  17:35:43  1   1   0   1   0     97    18    18    18.22   18    -5    3     0     0           0.0           
2026:08:04  17:35:46  1   1   0   1   0     97    18    18    18.21   18    -5    3     0     0           0.0           
2026:08:04  17:35:49  1   1   0   1   0     97    18    18    18.19   18    -5    3     0     0           0.0           
2026:08:04  17:35:52  1   1   0   1   0     97    18    18    18.17   18    -5    3     0     0           0.0           
2026:08:04  17:35:55  1   1   0   1   0     97    18    18    18.16   18    -5    3     0     0           0.0           
2026:08:04  17:35:58  1   1   0   1   0     97    18    18    18.14   18    -5    3     0     0           0.0           
                                          
Дата        Время     П1  В1  Y1  Y2  Y4    TEN   T1    T2    T3      T4    T5    Mode  Филь  V_In_Summ   Q_Summ        
                                       %     %    °C    °C    °C      °C    °C          тр    м3          Дж            
                                                      
2026:08:04  17:37:06  0   0   0   0   0     0     22    22    21.98   22    -5    0     0     0           0             
2026:08:04  17:37:09  0   0   0   0   0     97    21    21    21.96   21    -5    3     0     0           0             
2026:08:04  17:37:12  0   0   0   0   0     97    21    21    21.94   21    -5    3     0     0           0             
2026:08:04  17:37:15  0   0   1   1   0     97    21    21    21.92   21    -5    3     0     0           0             
2026:08:04  17:37:18  0   0   1   1   0     97    21    21    21.9    21    -5    3     0     0           0             
2026:08:04  17:37:21  0   0   1   1   0     97    21    21    21.88   21    -5    3     0     0           0             
2026:08:04  17:37:24  0   0   1   1   0     97    21    21    21.86   21    -5    3     0     0           0             
2026:08:04  17:37:27  0   0   1   1   0     97    21    21    21.83   21    -5    3     0     0           0             
2026:08:04  17:37:30  0   0   1   1   0     97    21    21    21.81   21    -5    3     0     0           0             
2026:08:04  17:37:33  0   0   1   1   0     97    21    21    21.79   21    -5    3     0     0           0             
2026:08:04  17:37:36  0   0   1   1   0     97    21    21    21.77   21    -5    3     0     0           0             
2026:08:04  17:37:39  1   0   1   1   0     97    20    20    21.75   21    -5    3     0     1.5         0.0           
2026:08:04  17:37:42  1   0   1   1   0     97    19    19    21.72   21    -5    3     0     3.0         0.0           
                                          
Дата        Время     П1  В1  Y1  Y2  Y4    TEN   T1    T2    T3      T4    T5    Mode  Филь  V_In_Summ   Q_Summ        
                                       %     %    °C    °C    °C      °C    °C          тр    м3          Дж            
                                                      
2026:08:04  17:49:03  0   0   0   0   0     0     22    22    21.98   22    -5    0     0     0           0             
2026:08:04  17:49:06  0   0   0   0   0     0     21    21    21.96   21    -5    3     0     0           0             
2026:08:04  17:49:09  0   0   0   0   0     0     21    21    21.94   21    -5    3     0     0           0             
2026:08:04  17:49:12  0   0   0   0   0     0     21    21    21.92   21    -5    3     0     0           0             
2026:08:04  17:49:15  0   0   1   1   0     0     21    21    21.9    21    -5    3     0     0           0             
2026:08:04  17:49:18  0   0   1   1   0     0     21    21    21.88   21    -5    3     0     0           0             
2026:08:04  17:49:21  0   0   1   1   0     0     21    21    21.86   21    -5    3     0     0           0             
2026:08:04  17:49:24  0   0   1   1   0     0     21    21    21.83   21    -5    3     0     0           0             
2026:08:04  17:49:27  0   0   1   1   0     0     21    21    21.81   21    -5    3     0     0           0             
2026:08:04  17:49:30  0   0   1   1   0     0     21    21    21.79   21    -5    3     0     0           0             
2026:08:04  17:49:33  0   0   1   1   0     0     21    21    21.77   21    -5    3     0     0           0             
2026:08:04  17:49:36  0   0   1   1   0     0     21    21    21.75   21    -5    3     0     0           0             
2026:08:04  17:49:39  0   0   1   1   0     0     21    21    21.73   21    -5    3     0     0           0             
2026:08:04  17:49:42  1   0   1   1   0     0     20    22    21.71   21    -5    3     0     1.5         3618.0        
2026:08:04  17:49:45  1   1   1   1   0     0     19    23    21.7    20    -5    3     0     3.0         10854.0       
2026:08:04  17:49:48  1   1   1   1   0     0     18    24    21.69   19    -5    3     0     4.5         21708.0       
2026:08:04  17:49:51  1   1   1   1   0     0     17    25    21.68   18    -5    3     0     6.0         36180.0       
2026:08:04  17:49:54  1   1   1   1   0     0     16    26    21.68   17    -5    3     0     7.5         54270.0       
2026:08:04  17:49:57  1   1   1   1   0     0     15    27    21.68   16    -5    3     0     9.0         75978.0       
2026:08:04  17:50:00  1   1   1   1   0     0     14    28    21.68   15    -5    3     0     10.5        101304.0      
2026:08:04  17:50:03  1   1   1   1   0     0     13    29    21.68   14    -5    3     0     12.0        130248.0      
2026:08:04  17:50:06  0   0   0   0   0     0     14    28    21.68   15    -5    3     0     12.0        130248.0      
2026:08:04  17:50:09  0   0   0   0   0     0     15    27    21.68   16    -5    3     0     12.0        130248.0      
2026:08:04  17:50:12  0   0   0   0   0     0     16    26    21.68   17    -5    3     0     12.0        130248.0      
                                          
Дата        Время     П1  В1  Y1  Y2  Y4    TEN   T1    T2    T3      T4    T5    Mode  Филь  V_In_Summ   Q_Summ        
                                       %     %    °C    °C    °C      °C    °C          тр    м3          Дж            
                                                      
2026:08:04  17:51:34  0   0   0   0   0     0     22    22    21.98   22    -4.0  0     0     0           0             
2026:08:04  17:51:37  0   0   0   0   0     0     21    21    21.96   21    -4.0  3     0     0           0             
2026:08:04  17:51:40  0   0   0   0   0     0     21    21    21.94   21    -4.0  3     0     0           0             
2026:08:04  17:51:43  0   0   0   0   0     0     21    21    21.92   21    -4.0  3     0     0           0             
2026:08:04  17:51:46  0   0   1   1   0     0     21    21    21.9    21    -4.0  3     0     0           0             
2026:08:04  17:51:49  0   0   1   1   0     0     21    21    21.88   21    -4.0  3     0     0           0             
2026:08:04  17:51:52  0   0   1   1   0     0     21    21    21.86   21    -4.0  3     0     0           0             
2026:08:04  17:51:55  0   0   1   1   0     0     21    21    21.84   21    -4.0  3     0     0           0             
2026:08:04  17:51:58  0   0   1   1   0     0     21    21    21.82   21    -4.0  3     0     0           0             
2026:08:04  17:52:01  0   0   1   1   0     0     21    21    21.8    21    -4.0  3     0     0           0             
2026:08:04  17:52:04  0   0   1   1   0     0     21    21    21.78   21    -4.0  3     0     0           0             
2026:08:04  17:52:07  0   0   1   1   0     0     21    21    21.76   21    -4.0  3     0     0           0             
2026:08:04  17:52:10  0   0   1   1   0     0     21    21    21.74   21    -4.0  3     0     0           0             
2026:08:04  17:52:13  1   0   1   1   0     0     20    22    21.72   21    -4.0  3     0     1.5         3618.0        
2026:08:04  17:52:16  1   1   1   1   0     0     19    23    21.71   20    -4.0  3     0     3.0         10854.0       
2026:08:04  17:52:19  1   1   1   1   0     0     18    24    21.7    19    -4.0  3     0     4.5         21708.0       
2026:08:04  17:52:22  1   1   1   1   0     0     17    25    21.69   18    -4.0  3     0     6.0         36180.0       
2026:08:04  17:52:25  1   1   1   1   0     0     16    26    21.69   17    -4.0  3     0     7.5         54270.0       
2026:08:04  17:52:28  1   1   1   1   0     0     15    27    21.69   16    -4.0  3     0     9.0         75978.0       
2026:08:04  17:52:31  1   1   1   1   0     0     14    28    21.69   15    -4.0  3     0     10.5        101304.0      
2026:08:04  17:52:34  1   1   1   1   0     0     13    29    21.7    14    -4.0  3     0     12.0        130248.0      
2026:08:04  17:52:37  1   1   1   1   0     0     12    30    21.7    13    -4.0  3     0     13.5        162810.0      
2026:08:04  17:52:40  1   1   1   1   0     0     11    29    21.71   12    -4.0  3     0     15.0        195372.0      
2026:08:04  17:52:43  0   0   0   0   0     0     12    28    21.71   13    -4.0  3     0     15.0        195372.0      
2026:08:04  17:52:46  0   0   0   0   0     0     13    27    21.71   14    -4.0  3     0     15.0        195372.0      
2026:08:04  17:52:49  0   0   0   0   0     0     14    26    21.71   15    -4.0  3     0     15.0        195372.0      
2026:08:04  17:52:52  0   0   0   0   0     0     15    25    21.7    16    -4.0  3     0     15.0        195372.0      
