                                          
Дата        Время     П1  Y1    Y3    T1    T2    T3      CO2   T5    Mode  Филь  V_In_Summ   Q_Summ        
                           %     %    °C    °C    °C      ppm   °C          тр    м3          Дж            
                                                                                                        
2026:08:04  06:27:18  0   0     0     22    22    21.98   400   -5    0     0     0           0             
2026:08:04  06:27:21  0   0     0     21    21    21.96   401   -5    3     0     0           0             
2026:08:04  06:27:24  0   0     0     21    21    21.94   402   -5    3     0     0           0             
2026:08:04  06:27:27  0   0     0     21    21    21.92   402   -5    3     0     0           0             
2026:08:04  06:27:30  0   0     0     21    21    21.89   403   -5    3     0     0           0             
2026:08:04  06:27:33  0   0     0     21    21    21.87   404   -5    3     0     0           0             
2026:08:04  06:27:36  0   0     0     21    21    21.85   405   -5    3     0     0           0             
2026:08:04  06:27:39  0   0     0     21    21    21.83   405   -5    3     0     0           0             
2026:08:04  06:27:42  1   18    0     20    21    21.81   406   -5    3     0     0.27        -1809.0       
2026:08:04  06:27:45  1   18    0     19    21    21.79   407   -5    3     0     0.54        -5427.0       
2026:08:04  06:27:48  1   18    0     18    21    21.77   408   -5    3     0     0.81        -10854.0      
2026:08:04  06:27:51  1   18    0     17    21    21.75   408   -5    3     0     1.08        -18090.0      
2026:08:04  06:27:54  1   18    0     16    21    21.73   409   -5    3     0     1.35        -27135.0      
2026:08:04  06:27:57  1   18    0     16    21    21.7    410   -5    3     0     1.62        -36180.0      
2026:08:04  06:28:00  1   18    0     16    21    21.68   411   -5    3     0     1.89        -45225.0      
2026:08:04  06:28:03  1   18    0     16    21    21.66   411   -5    3     0     2.16        -54270.0      
2026:08:04  06:28:06  1   18    0     16    21    21.64   412   -5    3     0     2.43        -63315.0      
2026:08:04  06:28:09  1   18    0     16    21    21.62   413   -5    3     0     2.7         -72360.0      
2026:08:04  06:28:12  1   18    2     16    21    21.6    414   -5    3     0     2.97        -81405.0      
2026:08:04  06:28:15  1   18    2     16    21    21.58   414   -5    3     0     3.24        -90450.0      
2026:08:04  06:28:18  1   18    4     16    21    21.56   415   -5    3     0     3.51        -99495.0      
2026:08:04  06:28:21  1   18    4     16    21    21.54   416   -5    3     0     3.78        -108540.0     
2026:08:04  06:28:24  1   18    6     16    21    21.52   417   -5    3     0     4.05        -117585.0     
2026:08:04  06:28:27  1   18    9     16    21    21.5    417   -5    3     0     4.32        -126630.0     
2026:08:04  06:28:30  1   18    9     16    21    21.48   418   -5    3     0     4.59        -135675.0     
2026:08:04  06:28:33  1   18    11    16    21    21.46   419   -5    3     0     4.86        -144720.0     
2026:08:04  06:28:36  1   18    11    16    21    21.44   420   -5    3     0     5.13        -153765.0     
                                          
Дата        Время     П1  Y1    Y3    T1    T2    T3      CO2   T5    Mode  Филь  V_In_Summ   Q_Summ        
                           %     %    °C    °C    °C      ppm   °C          тр    м3          Дж            
                                                                                                        
2026:08:04  16:26:05  0   0     0     22    22    21.98   400   -5    0     0     0           0             
2026:08:04  16:26:08  0   0     0     21    21    21.96   401   -5    3     0     0           0             
2026:08:04  16:26:11  0   0     0     21    21    21.94   402   -5    3     0     0           0             
2026:08:04  16:26:14  0   0     0     21    21    21.92   402   -5    3     0     0           0             
2026:08:04  16:26:17  0   0     0     21    21    21.89   403   -5    3     0     0           0             
2026:08:04  16:26:20  0   0     0     21    21    21.87   404   -5    3     0     0           0             
2026:08:04  16:26:23  0   0     0     21    21    21.85   405   -5    3     0     0           0             
2026:08:04  16:26:26  0   0     0     21    21    21.83   405   -5    3     0     0           0             
2026:08:04  16:26:29  0   0     0     21    21    21.81   406   -5    3     0     0           0             
2026:08:04  16:26:32  0   0     0     21    21    21.79   407   -5    3     0     0           0             
2026:08:04  16:26:35  0   0     0     21    21    21.77   408   -5    3     0     0           0             
2026:08:04  16:26:38  0   0     0     21    21    21.75   408   -5    3     0     0           0             
2026:08:04  16:26:41  0   0     0     21    21    21.73   409   -5    3     0     0           0             
2026:08:04  16:26:44  0   0     0     21    21    21.7    410   -5    3     0     0           0             
2026:08:04  16:26:48  0   0     0     21    21    21.68   411   -5    3     0     0           0             
2026:08:04  16:26:51  0   0     0     21    21    21.66   411   -5    3     0     0           0             
2026:08:04  16:26:54  0   0     0     21    21    21.64   412   -5    3     0     0           0             
2026:08:04  16:26:57  0   0     0     21    21    21.62   413   -5    3     0     0           0             
2026:08:04  16:27:00  0   0     0     21    21    21.6    414   -5    3     0     0           0             
2026:08:04  16:27:03  0   0     0     21    21    21.58   414   -5    3     0     0           0             
2026:08:04  16:27:06  0   0     0     21    21    21.56   415   -5    3     0     0           0             
2026:08:04  16:27:09  0   0     0     21    21    21.54   416   -5    3     0     0           0             
2026:08:04  16:27:12  0   0     0     21    21    21.52   417   -5    3     0     0           0             
2026:08:04  16:27:15  0   0     0     21    21    21.5    417   -5    3     0     0           0             
2026:08:04  16:27:18  0   0     0     21    21    21.48   418   -5    3     0     0           0             
2026:08:04  16:27:21  0   0     0     21    21    21.46   419   -5    3     0     0           0             
2026:08:04  16:27:24  0   0     0     21    21    21.44   420   -5    3     0     0           0             
2026:08:04  16:27:27  0   0     0     21    21    21.42   420   -5    3     0     0           0             
2026:08:04  16:27:30  0   0     0     21    21    21.4    421   -5    3     0     0           0             
2026:08:04  16:27:33  0   0     97    21    21    21.38   422   -5    3     0     0           0             
2026:08:04  16:27:36  0   0     97    21    21    21.37   423   -5    3     0     0           0             
2026:08:04  16:27:39  0   0     97    21    21    21.35   423   -5    3     0     0           0             
2026:08:04  16:27:42  0   0     97    21    21    21.33   424   -5    3     0     0           0             
2026:08:04  16:27:45  0   0     97    21    21    21.31   425   -5    3     0     0           0             
2026:08:04  16:27:48  0   0     97    21    21    21.29   426   -5    3     0     0           0             
2026:08:04  16:27:51  0   0     97    21    21    21.27   426   -5    3     0     0           0             
2026:08:04  16:27:54  0   0     97    21    21    21.25   427   -5    3     0     0           0             
2026:08:04  16:27:57  0   0     97    21    21    21.23   428   -5    3     0     0           0             
2026:08:04  16:28:00  0   0     97    21    21    21.21   429   -5    3     0     0           0             
2026:08:04  16:28:03  0   0     97    21    21    21.2    429   -5    3     0     0           0             
2026:08:04  16:28:06  0   0     97    21    21    21.18   430   -5    3     0     0           0             
2026:08:04  16:28:09  0   0     97    21    21    21.16   431   -5    3     0     0           0             
2026:08:04  16:28:12  0   0     97    21    21    21.14   432   -5    3     0     0           0             
2026:08:04  16:28:15  0   0     97    21    21    21.12   432   -5    3     0     0           0             
2026:08:04  16:28:18  0   0     97    21    21    21.1    433   -5    3     0     0           0             
2026:08:04  16:28:21  0   0     97    21    21    21.09   434   -5    3     0     0           0             
2026:08:04  16:28:24  0   0     97    21    21    21.07   435   -5    3     0     0           0             
2026:08:04  16:28:27  0   0     97    21    21    21.05   435   -5    3     0     0           0             
2026:08:04  16:28:30  0   0     97    21    21    21.03   436   -5    3     0     0           0             
2026:08:04  16:28:33  0   0     97    21    21    21.02   437   -5    3     0     0           0             
2026:08:04  16:28:36  0   0     97    21    21    21.0    438   -5    3     0     0           0             
2026:08:04  16:28:39  0   0     97    20    20    20.98   438   -5    3     0     0           0             
2026:08:04  16:28:42  0   0     97    20    20    20.95   439   -5    3     0     0           0             
2026:08:04  16:28:45  0   0     97    20    20    20.93   440   -5    3     0     0           0             
2026:08:04  16:28:48  0   0     97    20    20    20.91   441   -5    3     0     0           0             
2026:08:04  16:28:51  0   0     97    20    20    20.89   441   -5    3     0     0           0             
2026:08:04  16:28:54  0   0     97    20    20    20.87   442   -5    3     0     0           0             
2026:08:04  16:28:57  0   0     97    20    20    20.85   443   -5    3     0     0           0             
2026:08:04  16:29:00  0   0     97    20    20    20.83   444   -5    3     0     0           0             
2026:08:04  16:29:03  0   0     97    20    20    20.81   444   -5    3     0     0           0             
2026:08:04  16:29:06  0   0     97    20    20    20.79   445   -5    3     0     0           0             
2026:08:04  16:29:09  0   0     97    20    20    20.77   446   -5    3     0     0           0             
2026:08:04  16:29:12  0   0     97    20    20    20.75   447   -5    3     0     0           0             
2026:08:04  16:29:15  0   0     97    20    20    20.73   447   -5    3     0     0           0             
2026:08:04  16:29:18  0   0     97    20    20    20.71   448   -5    3     0     0           0             
2026:08:04  16:29:21  0   0     97    20    20    20.69   449   -5    3     0     0           0             
2026:08:04  16:29:24  0   0     97    20    20    20.67   450   -5    3     0     0           0             
2026:08:04  16:29:27  0   0     97    20    20    20.65   450   -5    3     0     0           0             
2026:08:04  16:29:30  0   0     97    20    20    20.63   451   -5    3     0     0           0             
2026:08:04  16:29:33  0   0     97    20    20    20.61   452   -5    3     0     0           0             
2026:08:04  16:29:36  0   0     97    20    20    20.59   453   -5    3     0     0           0             
2026:08:04  16:29:39  0   0     97    20    20    20.57   453   -5    3     0     0           0             
2026:08:04  16:29:42  0   0     97    20    20    20.55   454   -5    3     0     0           0             
2026:08:04  16:29:45  0   0     97    20    20    20.53   455   -5    3     0     0           0             
2026:08:04  16:29:48  0   0     97    20    20    20.51   456   -5    3     0     0           0             
2026:08:04  16:29:51  1   18    97    19    20    20.49   456   -5    3     0     0.27        -1809.0       
2026:08:04  16:29:54  1   18    97    18    20    20.47   457   -5    3     0     0.54        -5427.0       
2026:08:04  16:29:57  1   18    97    17    20    20.45   458   -5    3     0     0.81        -10854.0      
2026:08:04  16:30:00  1   18    97    16    20    20.44   459   -5    3     0     1.08        -18090.0      
2026:08:04  16:30:03  1   18    97    15    20    20.42   459   -5    3     0     1.35        -27135.0      
2026:08:04  16:30:06  1   18    97    15    20    20.4    460   -5    3     0     1.62        -36180.0      
2026:08:04  16:30:09  1   18    97    15    20    20.38   461   -5    3     0     1.89        -45225.0      
2026:08:04  16:30:12  1   18    97    15    20    20.36   461   -5    3     0     2.16        -54270.0      
2026:08:04  16:30:15  1   18    97    15    20    20.34   462   -5    3     0     2.43        -63315.0      
2026:08:04  16:30:18  1   18    97    15    20    20.32   463   -5    3     0     2.7         -72360.0      
2026:08:04  16:30:21  1   18    97    15    20    20.31   464   -5    3     0     2.97        -81405.0      
2026:08:04  16:30:24  1   18    97    15    20    20.29   464   -5    3     0     3.24        -90450.0      
2026:08:04  16:30:27  1   18    97    15    20    20.27   465   -5    3     0     3.51        -99495.0      
2026:08:04  16:30:30  1   18    97    15    20    20.25   466   -5    3     0     3.78        -108540.0     
2026:08:04  16:30:33  1   18    97    15    20    20.23   466   -5    3     0     4.05        -117585.0     
2026:08:04  16:30:36  1   18    97    15    20    20.22   467   -5    3     0     4.32        -126630.0     
2026:08:04  16:30:39  1   18    97    15    20    20.2    468   -5    3     0     4.59        -135675.0     
2026:08:04  16:30:42  1   18    97    15    20    20.18   468   -5    3     0     4.86        -144720.0     
2026:08:04  16:30:45  0   18    97    15    20    20.16   469   -5    3     0     4.86        -144720.0     
2026:08:04  16:30:48  0   0     97    16    20    20.14   470   -5    3     0     4.86        -144720.0     
2026:08:04  16:30:51  0   0     97    17    20    20.13   471   -5    3     0     4.86        -144720.0     
2026:08:04  16:30:54  0   0     97    18    20    20.11   471   -5    3     0     4.86        -144720.0     
2026:08:04  16:30:57  0   0     97    19    20    20.09   472   -5    3     0     4.86        -144720.0     
2026:08:04  16:31:00  0   0     97    20    20    20.07   473   -5    3     0     4.86        -144720.0     
2026:08:04  16:31:03  0   0     97    20    20    20.06   474   -5    3     0     4.86        -144720.0     
2026:08:04  16:31:06  0   0     97    20    20    20.04   474   -5    3     0     4.86        -144720.0     
2026:08:04  16:31:09  0   0     97    20    20    20.02   475   -5    3     0     4.86        -144720.0     
2026:08:04  16:31:12  0   0     97    20    20    20.01   476   -5    3     0     4.86        -144720.0     
2026:08:04  16:31:15  0   0     97    20    20    19.99   477   -5    3     0     4.86        -144720.0     
2026:08:04  16:31:18  0   0     97    19    19    19.97   477   -5    3     0     4.86        -144720.0     
2026:08:04  16:31:21  0   0     97    19    19    19.95   478   -5    3     0     4.86        -144720.0     
2026:08:04  16:31:24  0   0     97    19    19    19.93   479   -5    3     0     4.86        -144720.0     
2026:08:04  16:31:27  0   0     97    19    19    19.91   480   -5    3     0     4.86        -144720.0     
2026:08:04  16:31:30  0   0     97    19    19    19.89   480   -5    3     0     4.86        -144720.0     
2026:08:04  16:31:33  0   0     97    19    19    19.87   481   -5    3     0     4.86        -144720.0     
2026:08:04  16:31:36  0   0     97    19    19    19.85   482   -5    3     0     4.86        -144720.0     
2026:08:04  16:31:39  0   0     97    19    19    19.83   483   -5    3     0     4.86        -144720.0     
2026:08:04  16:31:42  0   0     97    19    19    19.81   483   -5    3     0     4.86        -144720.0     
2026:08:04  16:31:45  0   0     97    19    19    19.79   484   -5    3     0     4.86        -144720.0     
2026:08:04  16:31:48  0   0     97    19    19    19.77   485   -5    3     0     4.86        -144720.0     
2026:08:04  16:31:51  0   0     97    19    19    19.75   486   -5    3     0     4.86        -144720.0     
2026:08:04  16:31:54  0   0     97    19    19    19.73   486   -5    3     0     4.86        -144720.0     
2026:08:04  16:31:57  0   0     97    19    19    19.71   487   -5    3     0     4.86        -144720.0     
2026:08:04  16:32:00  0   0     97    19    19    19.69   488   -5    3     0     4.86        -144720.0     
2026:08:04  16:32:03  0   0     97    19    19    19.67   489   -5    3     0     4.86        -144720.0     
2026:08:04  16:32:06  0   0     97    19    19    19.65   489   -5    3     0     4.86        -144720.0     
2026:08:04  16:32:09  0   0     97    19    19    19.63   490   -5    3     0     4.86        -144720.0     
2026:08:04  16:32:12  0   0     97    19    19    19.61   491   -5    3     0     4.86        -144720.0     
2026:08:04  16:32:15  0   0     97    19    19    19.59   492   -5    3     0     4.86        -144720.0     
2026:08:04  16:32:18  0   0     97    19    19    19.58   492   -5    3     0     4.86        -144720.0     
2026:08:04  16:32:21  0   0     97    19    19    19.56   493   -5    3     0     4.86        -144720.0     
2026:08:04  16:32:24  0   0     97    19    19    19.54   494   -5    3     0     4.86        -144720.0     
2026:08:04  16:32:27  0   0     97    19    19    19.52   495   -5    3     0     4.86        -144720.0     
2026:08:04  16:32:30  0   0     97    19    19    19.5    495   -5    3     0     4.86        -144720.0     
2026:08:04  16:32:33  0   0     97    19    19    19.48   496   -5    3     0     4.86        -144720.0     
2026:08:04  16:32:36  0   0     97    19    19    19.46   497   -5    3     0     4.86        -144720.0     
2026:08:04  16:32:39  0   0     97    19    19    19.45   498   -5    3     0     4.86        -144720.0     
2026:08:04  16:32:42  0   0     97    19    19    19.43   498   -5    3     0     4.86        -144720.0     
2026:08:04  16:32:45  0   0     97    19    19    19.41   499   -5    3     0     4.86        -144720.0     
2026:08:04  16:32:48  0   0     97    19    19    19.39   500   -5    3     0     4.86        -144720.0     
2026:08:04  16:32:51  0   0     97    19    19    19.37   501   -5    3     0     4.86        -144720.0     
2026:08:04  16:32:54  0   0     97    19    19    19.36   501   -5    3     0     4.86        -144720.0     
2026:08:04  16:32:57  0   0     97    19    19    19.34   502   -5    3     0     4.86        -144720.0     
2026:08:04  16:33:00  0   0     97    19    19    19.32   503   -5    3     0     4.86        -144720.0     
2026:08:04  16:33:03  0   0     97    19    19    19.3    504   -5    3     0     4.86        -144720.0     
2026:08:04  16:33:06  0   0     97    19    19    19.29   504   -5    3     0     4.86        -144720.0     
2026:08:04  16:33:09  0   0     97    19    19    19.27   505   -5    3     0     4.86        -144720.0     
2026:08:04  16:33:12  0   0     97    19    19    19.25   506   -5    3     0     4.86        -144720.0     
2026:08:04  16:33:15  0   0     97    19    19    19.23   507   -5    3     0     4.86        -144720.0     
2026:08:04  16:33:18  0   0     97    19    19    19.22   507   -5    3     0     4.86        -144720.0     
2026:08:04  16:33:21  0   0     97    19    19    19.2    508   -5    3     0     4.86        -144720.0     
2026:08:04  16:33:24  0   0     97    19    19    19.18   509   -5    3     0     4.86        -144720.0     
2026:08:04  16:33:27  0   0     97    19    19    19.16   510   -5    3     0     4.86        -144720.0     
2026:08:04  16:33:30  0   0     97    19    19    19.15   510   -5    3     0     4.86        -144720.0     
2026:08:04  16:33:33  0   0     97    19    19    19.13   511   -5    3     0     4.86        -144720.0     
2026:08:04  16:33:36  0   0     97    19    19    19.11   512   -5    3     0     4.86        -144720.0     
2026:08:04  16:33:39  0   0     97    19    19    19.1    513   -5    3     0     4.86        -144720.0     
2026:08:04  16:33:42  0   0     97    19    19    19.08   513   -5    3     0     4.86        -144720.0     
2026:08:04  16:33:45  0   0     97    19    19    19.06   514   -5    3     0     4.86        -144720.0     
2026:08:04  16:33:48  0   0     97    19    19    19.05   515   -5    3     0     4.86        -144720.0     
2026:08:04  16:33:51  0   0     97    19    19    19.03   516   -5    3     0     4.86        -144720.0     
2026:08:04  16:33:54  0   0     97    19    19    19.02   516   -5    3     0     4.86        -144720.0     
2026:08:04  16:33:57  0   0     97    19    19    19.0    517   -5    3     0     4.86        -144720.0     
2026:08:04  16:34:00  0   0     97    18    18    18.98   518   -5    3     0     4.86        -144720.0     
2026:08:04  16:34:03  0   0     97    18    18    18.96   519   -5    3     0     4.86        -144720.0     
2026:08:04  16:34:06  0   0     97    18    18    18.94   519   -5    3     0     4.86        -144720.0     
2026:08:04  16:34:09  0   0     97    18    18    18.92   520   -5    3     0     4.86        -144720.0     
2026:08:04  16:34:12  0   0     97    18    18    18.9    521   -5    3     0     4.86        -144720.0     
2026:08:04  16:34:15  0   0     97    18    18    18.88   522   -5    3     0     4.86        -144720.0     
2026:08:04  16:34:18  0   0     97    18    18    18.86   522   -5    3     0     4.86        -144720.0     
2026:08:04  16:34:21  0   0     97    18    18    18.84   523   -5    3     0     4.86        -144720.0     
2026:08:04  16:34:24  0   0     97    18    18    18.82   524   -5    3     0     4.86        -144720.0     
2026:08:04  16:34:27  0   0     97    18    18    18.8    525   -5    3     0     4.86        -144720.0     
2026:08:04  16:34:30  0   0     97    18    18    18.78   525   -5    3     0     4.86        -144720.0     
2026:08:04  16:34:33  0   0     97    18    18    18.77   526   -5    3     0     4.86        -144720.0     
2026:08:04  16:34:36  0   0     97    18    18    18.75   527   -5    3     0     4.86        -144720.0     
                                          
Дата        Время     П1  Y1    Y3    T1    T2    T3      CO2   T5    Mode  Филь  V_In_Summ   Q_Summ        
                           %     %    °C    °C    °C      ppm   °C          тр    м3          Дж            
                                                                                                        
2026:08:04  16:37:02  0   0     0     22    22    21.98   400   -5    0     0     0           0             
2026:08:04  16:37:05  0   0     97    21    21    21.96   401   -5    3     0     0           0             
2026:08:04  16:37:08  0   0     97    21    21    21.94   402   -5    3     0     0           0             
2026:08:04  16:37:11  0   0     97    21    21    21.92   402   -5    3     0     0           0             
2026:08:04  16:37:14  0   0     97    21    21    21.89   403   -5    3     0     0           0             
2026:08:04  16:37:17  0   0     97    21    21    21.87   404   -5    3     0     0           0             
2026:08:04  16:37:20  0   0     97    21    21    21.85   405   -5    3     0     0           0             
2026:08:04  16:37:23  0   0     97    21    21    21.83   405   -5    3     0     0           0             
2026:08:04  16:37:26  0   0     97    21    21    21.81   406   -5    3     0     0           0             
2026:08:04  16:37:29  0   0     97    21    21    21.79   407   -5    3     0     0           0             
2026:08:04  16:37:32  0   0     97    21    21    21.77   408   -5    3     0     0           0             
2026:08:04  16:37:35  0   0     97    21    21    21.75   408   -5    3     0     0           0             
2026:08:04  16:37:38  0   0     97    21    21    21.73   409   -5    3     0     0           0             
2026:08:04  16:37:41  1   18    97    20    21    21.7    410   -5    3     0     0.27        -1809.0       
2026:08:04  16:37:44  1   18    97    19    21    21.68   411   -5    3     0     0.54        -5427.0       
2026:08:04  16:37:47  1   18    97    18    21    21.66   411   -5    3     0     0.81        -10854.0      
2026:08:04  16:37:50  1   18    97    17    21    21.64   412   -5    3     0     1.08        -18090.0      
2026:08:04  16:37:53  1   18    97    16    21    21.62   413   -5    3     0     1.35        -27135.0      
2026:08:04  16:37:56  1   18    97    16    21    21.6    414   -5    3     0     1.62        -36180.0      
2026:08:04  16:37:59  1   18    97    16    21    21.58   414   -5    3     0     1.89        -45225.0      
2026:08:04  16:38:02  1   18    97    16    21    21.56   415   -5    3     0     2.16        -54270.0      
2026:08:04  16:38:05  1   18    97    16    21    21.54   416   -5    3     0     2.43        -63315.0      
2026:08:04  16:38:08  1   19    97    16    21    21.52   417   -5    3     0     2.715       -72360.0      
2026:08:04  16:38:11  1   18    97    16    21    21.5    417   -5    3     0     2.985       -81405.0      
2026:08:04  16:38:14  1   18    97    16    21    21.48   418   -5    3     0     3.255       -90450.0      
2026:08:04  16:38:17  1   18    97    16    21    21.46   419   -5    3     0     3.525       -99495.0      
2026:08:04  16:38:20  1   18    97    16    21    21.44   420   -5    3     0     3.795       -108540.0     
2026:08:04  16:38:23  1   18    97    16    21    21.42   420   -5    3     0     4.065       -117585.0     
2026:08:04  16:38:26  1   18    97    16    21    21.4    421   -5    3     0     4.335       -126630.0     
2026:08:04  16:38:29  1   18    97    16    21    21.38   422   -5    3     0     4.605       -135675.0     
2026:08:04  16:38:32  1   18    97    16    21    21.37   423   -5    3     0     4.875       -144720.0     
2026:08:04  16:38:35  1   18    97    16    21    21.35   423   -5    3     0     5.145       -153765.0     
2026:08:04  16:38:38  1   18    97    16    21    21.33   424   -5    3     0     5.415       -162810.0     
2026:08:04  16:38:41  1   18    97    16    21    21.31   425   -5    3     0     5.685       -171855.0     
2026:08:04  16:38:44  1   18    97    16    21    21.29   425   -5    3     0     5.955       -180900.0     
2026:08:04  16:38:47  1   18    97    16    21    21.27   426   -5    3     0     6.225       -189945.0     
